Archive member included because of file (symbol)

/Users/michael/pebble_dev/PebbleSDK-2.0-BETA4/Pebble/lib/libpebble.a(tmp9Q2g01pebble.o)
                              src/simple_analog.c.7.o (app_event_loop)

Allocating common symbols
Common symbol       size              file

date_layer          0x4               src/simple_analog.c.7.o
simple_bg_layer     0x4               src/simple_analog.c.7.o
battery_layer       0x4               src/simple_analog.c.7.o
hands_layer         0x4               src/simple_analog.c.7.o
num_buffer          0x4               src/simple_analog.c.7.o
day_buffer          0x6               src/simple_analog.c.7.o
num_label           0x4               src/simple_analog.c.7.o
day_label           0x4               src/simple_analog.c.7.o
window              0x4               src/simple_analog.c.7.o

Discarded input sections

 .text          0x0000000000000000        0x0 /Users/michael/pebble_dev/PebbleSDK-2.0-BETA4/arm-cs-tools/bin/../lib/gcc/arm-none-eabi/4.7.2/thumb2/crti.o
 .bss           0x0000000000000000        0x0 /Users/michael/pebble_dev/PebbleSDK-2.0-BETA4/arm-cs-tools/bin/../lib/gcc/arm-none-eabi/4.7.2/thumb2/crti.o
 .init          0x0000000000000000        0x4 /Users/michael/pebble_dev/PebbleSDK-2.0-BETA4/arm-cs-tools/bin/../lib/gcc/arm-none-eabi/4.7.2/thumb2/crti.o
 .fini          0x0000000000000000        0x4 /Users/michael/pebble_dev/PebbleSDK-2.0-BETA4/arm-cs-tools/bin/../lib/gcc/arm-none-eabi/4.7.2/thumb2/crti.o
 .text          0x0000000000000000       0xc8 /Users/michael/pebble_dev/PebbleSDK-2.0-BETA4/arm-cs-tools/bin/../lib/gcc/arm-none-eabi/4.7.2/thumb2/crtbegin.o
 .bss           0x0000000000000000       0x1c /Users/michael/pebble_dev/PebbleSDK-2.0-BETA4/arm-cs-tools/bin/../lib/gcc/arm-none-eabi/4.7.2/thumb2/crtbegin.o
 .init_array    0x0000000000000000        0x4 /Users/michael/pebble_dev/PebbleSDK-2.0-BETA4/arm-cs-tools/bin/../lib/gcc/arm-none-eabi/4.7.2/thumb2/crtbegin.o
 .fini_array    0x0000000000000000        0x4 /Users/michael/pebble_dev/PebbleSDK-2.0-BETA4/arm-cs-tools/bin/../lib/gcc/arm-none-eabi/4.7.2/thumb2/crtbegin.o
 .eh_frame      0x0000000000000000        0x0 /Users/michael/pebble_dev/PebbleSDK-2.0-BETA4/arm-cs-tools/bin/../lib/gcc/arm-none-eabi/4.7.2/thumb2/crtbegin.o
 .jcr           0x0000000000000000        0x0 /Users/michael/pebble_dev/PebbleSDK-2.0-BETA4/arm-cs-tools/bin/../lib/gcc/arm-none-eabi/4.7.2/thumb2/crtbegin.o
 .tm_clone_table
                0x0000000000000000        0x0 /Users/michael/pebble_dev/PebbleSDK-2.0-BETA4/arm-cs-tools/bin/../lib/gcc/arm-none-eabi/4.7.2/thumb2/crtbegin.o
 .text          0x0000000000000000        0x0 src/simple_analog.c.7.o
 .bss           0x0000000000000000        0x0 src/simple_analog.c.7.o
 .text          0x0000000000000000        0x0 appinfo.auto.c.7.o
 .bss           0x0000000000000000        0x0 appinfo.auto.c.7.o
 .bss           0x0000000000000000        0x0 /Users/michael/pebble_dev/PebbleSDK-2.0-BETA4/Pebble/lib/libpebble.a(tmp9Q2g01pebble.o)
 .text.accel_data_service_subscribe__deprecated
                0x0000000000000000        0xc /Users/michael/pebble_dev/PebbleSDK-2.0-BETA4/Pebble/lib/libpebble.a(tmp9Q2g01pebble.o)
 .text.accel_data_service_unsubscribe
                0x0000000000000000        0xc /Users/michael/pebble_dev/PebbleSDK-2.0-BETA4/Pebble/lib/libpebble.a(tmp9Q2g01pebble.o)
 .text.accel_service_peek
                0x0000000000000000        0xc /Users/michael/pebble_dev/PebbleSDK-2.0-BETA4/Pebble/lib/libpebble.a(tmp9Q2g01pebble.o)
 .text.accel_service_set_samples_per_update
                0x0000000000000000        0xc /Users/michael/pebble_dev/PebbleSDK-2.0-BETA4/Pebble/lib/libpebble.a(tmp9Q2g01pebble.o)
 .text.accel_service_set_sampling_rate
                0x0000000000000000        0xc /Users/michael/pebble_dev/PebbleSDK-2.0-BETA4/Pebble/lib/libpebble.a(tmp9Q2g01pebble.o)
 .text.accel_tap_service_subscribe
                0x0000000000000000        0xc /Users/michael/pebble_dev/PebbleSDK-2.0-BETA4/Pebble/lib/libpebble.a(tmp9Q2g01pebble.o)
 .text.accel_tap_service_unsubscribe
                0x0000000000000000        0xc /Users/michael/pebble_dev/PebbleSDK-2.0-BETA4/Pebble/lib/libpebble.a(tmp9Q2g01pebble.o)
 .text.action_bar_layer_add_to_window
                0x0000000000000000        0xc /Users/michael/pebble_dev/PebbleSDK-2.0-BETA4/Pebble/lib/libpebble.a(tmp9Q2g01pebble.o)
 .text.action_bar_layer_clear_icon
                0x0000000000000000        0xc /Users/michael/pebble_dev/PebbleSDK-2.0-BETA4/Pebble/lib/libpebble.a(tmp9Q2g01pebble.o)
 .text.action_bar_layer_create
                0x0000000000000000        0xc /Users/michael/pebble_dev/PebbleSDK-2.0-BETA4/Pebble/lib/libpebble.a(tmp9Q2g01pebble.o)
 .text.action_bar_layer_destroy
                0x0000000000000000        0xc /Users/michael/pebble_dev/PebbleSDK-2.0-BETA4/Pebble/lib/libpebble.a(tmp9Q2g01pebble.o)
 .text.action_bar_layer_get_layer
                0x0000000000000000        0xc /Users/michael/pebble_dev/PebbleSDK-2.0-BETA4/Pebble/lib/libpebble.a(tmp9Q2g01pebble.o)
 .text.action_bar_layer_remove_from_window
                0x0000000000000000        0xc /Users/michael/pebble_dev/PebbleSDK-2.0-BETA4/Pebble/lib/libpebble.a(tmp9Q2g01pebble.o)
 .text.action_bar_layer_set_background_color
                0x0000000000000000        0xc /Users/michael/pebble_dev/PebbleSDK-2.0-BETA4/Pebble/lib/libpebble.a(tmp9Q2g01pebble.o)
 .text.action_bar_layer_set_click_config_provider
                0x0000000000000000        0xc /Users/michael/pebble_dev/PebbleSDK-2.0-BETA4/Pebble/lib/libpebble.a(tmp9Q2g01pebble.o)
 .text.action_bar_layer_set_context
                0x0000000000000000        0xc /Users/michael/pebble_dev/PebbleSDK-2.0-BETA4/Pebble/lib/libpebble.a(tmp9Q2g01pebble.o)
 .text.action_bar_layer_set_icon
                0x0000000000000000        0xc /Users/michael/pebble_dev/PebbleSDK-2.0-BETA4/Pebble/lib/libpebble.a(tmp9Q2g01pebble.o)
 .text.animation_create
                0x0000000000000000        0xc /Users/michael/pebble_dev/PebbleSDK-2.0-BETA4/Pebble/lib/libpebble.a(tmp9Q2g01pebble.o)
 .text.animation_destroy
                0x0000000000000000        0xc /Users/michael/pebble_dev/PebbleSDK-2.0-BETA4/Pebble/lib/libpebble.a(tmp9Q2g01pebble.o)
 .text.animation_get_context
                0x0000000000000000        0xc /Users/michael/pebble_dev/PebbleSDK-2.0-BETA4/Pebble/lib/libpebble.a(tmp9Q2g01pebble.o)
 .text.animation_is_scheduled
                0x0000000000000000        0xc /Users/michael/pebble_dev/PebbleSDK-2.0-BETA4/Pebble/lib/libpebble.a(tmp9Q2g01pebble.o)
 .text.animation_schedule
                0x0000000000000000        0xc /Users/michael/pebble_dev/PebbleSDK-2.0-BETA4/Pebble/lib/libpebble.a(tmp9Q2g01pebble.o)
 .text.animation_set_curve
                0x0000000000000000        0xc /Users/michael/pebble_dev/PebbleSDK-2.0-BETA4/Pebble/lib/libpebble.a(tmp9Q2g01pebble.o)
 .text.animation_set_delay
                0x0000000000000000        0xc /Users/michael/pebble_dev/PebbleSDK-2.0-BETA4/Pebble/lib/libpebble.a(tmp9Q2g01pebble.o)
 .text.animation_set_duration
                0x0000000000000000        0xc /Users/michael/pebble_dev/PebbleSDK-2.0-BETA4/Pebble/lib/libpebble.a(tmp9Q2g01pebble.o)
 .text.animation_set_handlers
                0x0000000000000000        0xc /Users/michael/pebble_dev/PebbleSDK-2.0-BETA4/Pebble/lib/libpebble.a(tmp9Q2g01pebble.o)
 .text.animation_set_implementation
                0x0000000000000000        0xc /Users/michael/pebble_dev/PebbleSDK-2.0-BETA4/Pebble/lib/libpebble.a(tmp9Q2g01pebble.o)
 .text.animation_unschedule
                0x0000000000000000        0xc /Users/michael/pebble_dev/PebbleSDK-2.0-BETA4/Pebble/lib/libpebble.a(tmp9Q2g01pebble.o)
 .text.animation_unschedule_all
                0x0000000000000000        0xc /Users/michael/pebble_dev/PebbleSDK-2.0-BETA4/Pebble/lib/libpebble.a(tmp9Q2g01pebble.o)
 .text.app_comm_get_sniff_interval
                0x0000000000000000        0xc /Users/michael/pebble_dev/PebbleSDK-2.0-BETA4/Pebble/lib/libpebble.a(tmp9Q2g01pebble.o)
 .text.app_comm_set_sniff_interval
                0x0000000000000000        0xc /Users/michael/pebble_dev/PebbleSDK-2.0-BETA4/Pebble/lib/libpebble.a(tmp9Q2g01pebble.o)
 .text.app_log  0x0000000000000000        0xc /Users/michael/pebble_dev/PebbleSDK-2.0-BETA4/Pebble/lib/libpebble.a(tmp9Q2g01pebble.o)
 .text.app_message_deregister_callbacks
                0x0000000000000000        0xc /Users/michael/pebble_dev/PebbleSDK-2.0-BETA4/Pebble/lib/libpebble.a(tmp9Q2g01pebble.o)
 .text.app_message_open
                0x0000000000000000        0xc /Users/michael/pebble_dev/PebbleSDK-2.0-BETA4/Pebble/lib/libpebble.a(tmp9Q2g01pebble.o)
 .text.app_sync_deinit
                0x0000000000000000        0xc /Users/michael/pebble_dev/PebbleSDK-2.0-BETA4/Pebble/lib/libpebble.a(tmp9Q2g01pebble.o)
 .text.app_sync_get
                0x0000000000000000        0xc /Users/michael/pebble_dev/PebbleSDK-2.0-BETA4/Pebble/lib/libpebble.a(tmp9Q2g01pebble.o)
 .text.app_sync_init
                0x0000000000000000        0xc /Users/michael/pebble_dev/PebbleSDK-2.0-BETA4/Pebble/lib/libpebble.a(tmp9Q2g01pebble.o)
 .text.app_sync_set
                0x0000000000000000        0xc /Users/michael/pebble_dev/PebbleSDK-2.0-BETA4/Pebble/lib/libpebble.a(tmp9Q2g01pebble.o)
 .text.app_timer_cancel
                0x0000000000000000        0xc /Users/michael/pebble_dev/PebbleSDK-2.0-BETA4/Pebble/lib/libpebble.a(tmp9Q2g01pebble.o)
 .text.app_timer_register
                0x0000000000000000        0xc /Users/michael/pebble_dev/PebbleSDK-2.0-BETA4/Pebble/lib/libpebble.a(tmp9Q2g01pebble.o)
 .text.app_timer_reschedule
                0x0000000000000000        0xc /Users/michael/pebble_dev/PebbleSDK-2.0-BETA4/Pebble/lib/libpebble.a(tmp9Q2g01pebble.o)
 .text.atan2_lookup
                0x0000000000000000        0xc /Users/michael/pebble_dev/PebbleSDK-2.0-BETA4/Pebble/lib/libpebble.a(tmp9Q2g01pebble.o)
 .text.atoi     0x0000000000000000        0xc /Users/michael/pebble_dev/PebbleSDK-2.0-BETA4/Pebble/lib/libpebble.a(tmp9Q2g01pebble.o)
 .text.atol     0x0000000000000000        0xc /Users/michael/pebble_dev/PebbleSDK-2.0-BETA4/Pebble/lib/libpebble.a(tmp9Q2g01pebble.o)
 .text.battery_state_service_unsubscribe
                0x0000000000000000        0xc /Users/michael/pebble_dev/PebbleSDK-2.0-BETA4/Pebble/lib/libpebble.a(tmp9Q2g01pebble.o)
 .text.bitmap_layer_create
                0x0000000000000000        0xc /Users/michael/pebble_dev/PebbleSDK-2.0-BETA4/Pebble/lib/libpebble.a(tmp9Q2g01pebble.o)
 .text.bitmap_layer_destroy
                0x0000000000000000        0xc /Users/michael/pebble_dev/PebbleSDK-2.0-BETA4/Pebble/lib/libpebble.a(tmp9Q2g01pebble.o)
 .text.bitmap_layer_get_layer
                0x0000000000000000        0xc /Users/michael/pebble_dev/PebbleSDK-2.0-BETA4/Pebble/lib/libpebble.a(tmp9Q2g01pebble.o)
 .text.bitmap_layer_set_alignment
                0x0000000000000000        0xc /Users/michael/pebble_dev/PebbleSDK-2.0-BETA4/Pebble/lib/libpebble.a(tmp9Q2g01pebble.o)
 .text.bitmap_layer_set_background_color
                0x0000000000000000        0xc /Users/michael/pebble_dev/PebbleSDK-2.0-BETA4/Pebble/lib/libpebble.a(tmp9Q2g01pebble.o)
 .text.bitmap_layer_set_bitmap
                0x0000000000000000        0xc /Users/michael/pebble_dev/PebbleSDK-2.0-BETA4/Pebble/lib/libpebble.a(tmp9Q2g01pebble.o)
 .text.bitmap_layer_set_compositing_mode
                0x0000000000000000        0xc /Users/michael/pebble_dev/PebbleSDK-2.0-BETA4/Pebble/lib/libpebble.a(tmp9Q2g01pebble.o)
 .text.bluetooth_connection_service_peek
                0x0000000000000000        0xc /Users/michael/pebble_dev/PebbleSDK-2.0-BETA4/Pebble/lib/libpebble.a(tmp9Q2g01pebble.o)
 .text.bluetooth_connection_service_subscribe
                0x0000000000000000        0xc /Users/michael/pebble_dev/PebbleSDK-2.0-BETA4/Pebble/lib/libpebble.a(tmp9Q2g01pebble.o)
 .text.bluetooth_connection_service_unsubscribe
                0x0000000000000000        0xc /Users/michael/pebble_dev/PebbleSDK-2.0-BETA4/Pebble/lib/libpebble.a(tmp9Q2g01pebble.o)
 .text.click_number_of_clicks_counted
                0x0000000000000000        0xc /Users/michael/pebble_dev/PebbleSDK-2.0-BETA4/Pebble/lib/libpebble.a(tmp9Q2g01pebble.o)
 .text.click_recognizer_get_button_id
                0x0000000000000000        0xc /Users/michael/pebble_dev/PebbleSDK-2.0-BETA4/Pebble/lib/libpebble.a(tmp9Q2g01pebble.o)
 .text.clock_copy_time_string
                0x0000000000000000        0xc /Users/michael/pebble_dev/PebbleSDK-2.0-BETA4/Pebble/lib/libpebble.a(tmp9Q2g01pebble.o)
 .text.clock_is_24h_style
                0x0000000000000000        0xc /Users/michael/pebble_dev/PebbleSDK-2.0-BETA4/Pebble/lib/libpebble.a(tmp9Q2g01pebble.o)
 .text.cos_lookup
                0x0000000000000000        0xc /Users/michael/pebble_dev/PebbleSDK-2.0-BETA4/Pebble/lib/libpebble.a(tmp9Q2g01pebble.o)
 .text.data_logging_create
                0x0000000000000000        0xc /Users/michael/pebble_dev/PebbleSDK-2.0-BETA4/Pebble/lib/libpebble.a(tmp9Q2g01pebble.o)
 .text.data_logging_finish
                0x0000000000000000        0xc /Users/michael/pebble_dev/PebbleSDK-2.0-BETA4/Pebble/lib/libpebble.a(tmp9Q2g01pebble.o)
 .text.data_logging_log
                0x0000000000000000        0xc /Users/michael/pebble_dev/PebbleSDK-2.0-BETA4/Pebble/lib/libpebble.a(tmp9Q2g01pebble.o)
 .text.dict_calc_buffer_size
                0x0000000000000000        0xc /Users/michael/pebble_dev/PebbleSDK-2.0-BETA4/Pebble/lib/libpebble.a(tmp9Q2g01pebble.o)
 .text.dict_calc_buffer_size_from_tuplets
                0x0000000000000000        0xc /Users/michael/pebble_dev/PebbleSDK-2.0-BETA4/Pebble/lib/libpebble.a(tmp9Q2g01pebble.o)
 .text.dict_find
                0x0000000000000000        0xc /Users/michael/pebble_dev/PebbleSDK-2.0-BETA4/Pebble/lib/libpebble.a(tmp9Q2g01pebble.o)
 .text.dict_merge
                0x0000000000000000        0xc /Users/michael/pebble_dev/PebbleSDK-2.0-BETA4/Pebble/lib/libpebble.a(tmp9Q2g01pebble.o)
 .text.dict_read_begin_from_buffer
                0x0000000000000000        0xc /Users/michael/pebble_dev/PebbleSDK-2.0-BETA4/Pebble/lib/libpebble.a(tmp9Q2g01pebble.o)
 .text.dict_read_first
                0x0000000000000000        0xc /Users/michael/pebble_dev/PebbleSDK-2.0-BETA4/Pebble/lib/libpebble.a(tmp9Q2g01pebble.o)
 .text.dict_read_next
                0x0000000000000000        0xc /Users/michael/pebble_dev/PebbleSDK-2.0-BETA4/Pebble/lib/libpebble.a(tmp9Q2g01pebble.o)
 .text.dict_serialize_tuplets
                0x0000000000000000        0xc /Users/michael/pebble_dev/PebbleSDK-2.0-BETA4/Pebble/lib/libpebble.a(tmp9Q2g01pebble.o)
 .text.dict_serialize_tuplets_to_buffer__deprecated
                0x0000000000000000        0xc /Users/michael/pebble_dev/PebbleSDK-2.0-BETA4/Pebble/lib/libpebble.a(tmp9Q2g01pebble.o)
 .text.dict_serialize_tuplets_to_buffer_with_iter
                0x0000000000000000        0xc /Users/michael/pebble_dev/PebbleSDK-2.0-BETA4/Pebble/lib/libpebble.a(tmp9Q2g01pebble.o)
 .text.dict_write_begin
                0x0000000000000000        0xc /Users/michael/pebble_dev/PebbleSDK-2.0-BETA4/Pebble/lib/libpebble.a(tmp9Q2g01pebble.o)
 .text.dict_write_cstring
                0x0000000000000000        0xc /Users/michael/pebble_dev/PebbleSDK-2.0-BETA4/Pebble/lib/libpebble.a(tmp9Q2g01pebble.o)
 .text.dict_write_data
                0x0000000000000000        0xc /Users/michael/pebble_dev/PebbleSDK-2.0-BETA4/Pebble/lib/libpebble.a(tmp9Q2g01pebble.o)
 .text.dict_write_end
                0x0000000000000000        0xc /Users/michael/pebble_dev/PebbleSDK-2.0-BETA4/Pebble/lib/libpebble.a(tmp9Q2g01pebble.o)
 .text.dict_write_int
                0x0000000000000000        0xc /Users/michael/pebble_dev/PebbleSDK-2.0-BETA4/Pebble/lib/libpebble.a(tmp9Q2g01pebble.o)
 .text.dict_write_int16
                0x0000000000000000        0xc /Users/michael/pebble_dev/PebbleSDK-2.0-BETA4/Pebble/lib/libpebble.a(tmp9Q2g01pebble.o)
 .text.dict_write_int32
                0x0000000000000000        0xc /Users/michael/pebble_dev/PebbleSDK-2.0-BETA4/Pebble/lib/libpebble.a(tmp9Q2g01pebble.o)
 .text.dict_write_int8
                0x0000000000000000        0xc /Users/michael/pebble_dev/PebbleSDK-2.0-BETA4/Pebble/lib/libpebble.a(tmp9Q2g01pebble.o)
 .text.dict_write_tuplet
                0x0000000000000000        0xc /Users/michael/pebble_dev/PebbleSDK-2.0-BETA4/Pebble/lib/libpebble.a(tmp9Q2g01pebble.o)
 .text.dict_write_uint16
                0x0000000000000000        0xc /Users/michael/pebble_dev/PebbleSDK-2.0-BETA4/Pebble/lib/libpebble.a(tmp9Q2g01pebble.o)
 .text.dict_write_uint32
                0x0000000000000000        0xc /Users/michael/pebble_dev/PebbleSDK-2.0-BETA4/Pebble/lib/libpebble.a(tmp9Q2g01pebble.o)
 .text.dict_write_uint8
                0x0000000000000000        0xc /Users/michael/pebble_dev/PebbleSDK-2.0-BETA4/Pebble/lib/libpebble.a(tmp9Q2g01pebble.o)
 .text.fonts_load_custom_font
                0x0000000000000000        0xc /Users/michael/pebble_dev/PebbleSDK-2.0-BETA4/Pebble/lib/libpebble.a(tmp9Q2g01pebble.o)
 .text.fonts_unload_custom_font
                0x0000000000000000        0xc /Users/michael/pebble_dev/PebbleSDK-2.0-BETA4/Pebble/lib/libpebble.a(tmp9Q2g01pebble.o)
 .text.free     0x0000000000000000        0xc /Users/michael/pebble_dev/PebbleSDK-2.0-BETA4/Pebble/lib/libpebble.a(tmp9Q2g01pebble.o)
 .text.gbitmap_create_as_sub_bitmap
                0x0000000000000000        0xc /Users/michael/pebble_dev/PebbleSDK-2.0-BETA4/Pebble/lib/libpebble.a(tmp9Q2g01pebble.o)
 .text.gbitmap_create_with_data
                0x0000000000000000        0xc /Users/michael/pebble_dev/PebbleSDK-2.0-BETA4/Pebble/lib/libpebble.a(tmp9Q2g01pebble.o)
 .text.gbitmap_create_with_resource
                0x0000000000000000        0xc /Users/michael/pebble_dev/PebbleSDK-2.0-BETA4/Pebble/lib/libpebble.a(tmp9Q2g01pebble.o)
 .text.gbitmap_destroy
                0x0000000000000000        0xc /Users/michael/pebble_dev/PebbleSDK-2.0-BETA4/Pebble/lib/libpebble.a(tmp9Q2g01pebble.o)
 .text.gmtime   0x0000000000000000        0xc /Users/michael/pebble_dev/PebbleSDK-2.0-BETA4/Pebble/lib/libpebble.a(tmp9Q2g01pebble.o)
 .text.gpoint_equal
                0x0000000000000000        0xc /Users/michael/pebble_dev/PebbleSDK-2.0-BETA4/Pebble/lib/libpebble.a(tmp9Q2g01pebble.o)
 .text.graphics_context_set_compositing_mode
                0x0000000000000000        0xc /Users/michael/pebble_dev/PebbleSDK-2.0-BETA4/Pebble/lib/libpebble.a(tmp9Q2g01pebble.o)
 .text.graphics_context_set_text_color
                0x0000000000000000        0xc /Users/michael/pebble_dev/PebbleSDK-2.0-BETA4/Pebble/lib/libpebble.a(tmp9Q2g01pebble.o)
 .text.graphics_draw_bitmap_in_rect
                0x0000000000000000        0xc /Users/michael/pebble_dev/PebbleSDK-2.0-BETA4/Pebble/lib/libpebble.a(tmp9Q2g01pebble.o)
 .text.graphics_draw_circle
                0x0000000000000000        0xc /Users/michael/pebble_dev/PebbleSDK-2.0-BETA4/Pebble/lib/libpebble.a(tmp9Q2g01pebble.o)
 .text.graphics_draw_line
                0x0000000000000000        0xc /Users/michael/pebble_dev/PebbleSDK-2.0-BETA4/Pebble/lib/libpebble.a(tmp9Q2g01pebble.o)
 .text.graphics_draw_pixel
                0x0000000000000000        0xc /Users/michael/pebble_dev/PebbleSDK-2.0-BETA4/Pebble/lib/libpebble.a(tmp9Q2g01pebble.o)
 .text.graphics_draw_rect
                0x0000000000000000        0xc /Users/michael/pebble_dev/PebbleSDK-2.0-BETA4/Pebble/lib/libpebble.a(tmp9Q2g01pebble.o)
 .text.graphics_draw_round_rect
                0x0000000000000000        0xc /Users/michael/pebble_dev/PebbleSDK-2.0-BETA4/Pebble/lib/libpebble.a(tmp9Q2g01pebble.o)
 .text.graphics_fill_circle
                0x0000000000000000        0xc /Users/michael/pebble_dev/PebbleSDK-2.0-BETA4/Pebble/lib/libpebble.a(tmp9Q2g01pebble.o)
 .text.graphics_text_layout_get_max_used_size
                0x0000000000000000        0xc /Users/michael/pebble_dev/PebbleSDK-2.0-BETA4/Pebble/lib/libpebble.a(tmp9Q2g01pebble.o)
 .text.grect_align
                0x0000000000000000        0xc /Users/michael/pebble_dev/PebbleSDK-2.0-BETA4/Pebble/lib/libpebble.a(tmp9Q2g01pebble.o)
 .text.grect_clip
                0x0000000000000000        0xc /Users/michael/pebble_dev/PebbleSDK-2.0-BETA4/Pebble/lib/libpebble.a(tmp9Q2g01pebble.o)
 .text.grect_contains_point
                0x0000000000000000        0xc /Users/michael/pebble_dev/PebbleSDK-2.0-BETA4/Pebble/lib/libpebble.a(tmp9Q2g01pebble.o)
 .text.grect_crop
                0x0000000000000000        0xc /Users/michael/pebble_dev/PebbleSDK-2.0-BETA4/Pebble/lib/libpebble.a(tmp9Q2g01pebble.o)
 .text.grect_equal
                0x0000000000000000        0xc /Users/michael/pebble_dev/PebbleSDK-2.0-BETA4/Pebble/lib/libpebble.a(tmp9Q2g01pebble.o)
 .text.grect_is_empty
                0x0000000000000000        0xc /Users/michael/pebble_dev/PebbleSDK-2.0-BETA4/Pebble/lib/libpebble.a(tmp9Q2g01pebble.o)
 .text.grect_standardize
                0x0000000000000000        0xc /Users/michael/pebble_dev/PebbleSDK-2.0-BETA4/Pebble/lib/libpebble.a(tmp9Q2g01pebble.o)
 .text.gsize_equal
                0x0000000000000000        0xc /Users/michael/pebble_dev/PebbleSDK-2.0-BETA4/Pebble/lib/libpebble.a(tmp9Q2g01pebble.o)
 .text.inverter_layer_create
                0x0000000000000000        0xc /Users/michael/pebble_dev/PebbleSDK-2.0-BETA4/Pebble/lib/libpebble.a(tmp9Q2g01pebble.o)
 .text.inverter_layer_destroy
                0x0000000000000000        0xc /Users/michael/pebble_dev/PebbleSDK-2.0-BETA4/Pebble/lib/libpebble.a(tmp9Q2g01pebble.o)
 .text.inverter_layer_get_layer
                0x0000000000000000        0xc /Users/michael/pebble_dev/PebbleSDK-2.0-BETA4/Pebble/lib/libpebble.a(tmp9Q2g01pebble.o)
 .text.layer_create_with_data
                0x0000000000000000        0xc /Users/michael/pebble_dev/PebbleSDK-2.0-BETA4/Pebble/lib/libpebble.a(tmp9Q2g01pebble.o)
 .text.layer_get_clips
                0x0000000000000000        0xc /Users/michael/pebble_dev/PebbleSDK-2.0-BETA4/Pebble/lib/libpebble.a(tmp9Q2g01pebble.o)
 .text.layer_get_data
                0x0000000000000000        0xc /Users/michael/pebble_dev/PebbleSDK-2.0-BETA4/Pebble/lib/libpebble.a(tmp9Q2g01pebble.o)
 .text.layer_get_hidden
                0x0000000000000000        0xc /Users/michael/pebble_dev/PebbleSDK-2.0-BETA4/Pebble/lib/libpebble.a(tmp9Q2g01pebble.o)
 .text.layer_get_window
                0x0000000000000000        0xc /Users/michael/pebble_dev/PebbleSDK-2.0-BETA4/Pebble/lib/libpebble.a(tmp9Q2g01pebble.o)
 .text.layer_insert_above_sibling
                0x0000000000000000        0xc /Users/michael/pebble_dev/PebbleSDK-2.0-BETA4/Pebble/lib/libpebble.a(tmp9Q2g01pebble.o)
 .text.layer_insert_below_sibling
                0x0000000000000000        0xc /Users/michael/pebble_dev/PebbleSDK-2.0-BETA4/Pebble/lib/libpebble.a(tmp9Q2g01pebble.o)
 .text.layer_remove_child_layers
                0x0000000000000000        0xc /Users/michael/pebble_dev/PebbleSDK-2.0-BETA4/Pebble/lib/libpebble.a(tmp9Q2g01pebble.o)
 .text.layer_remove_from_parent
                0x0000000000000000        0xc /Users/michael/pebble_dev/PebbleSDK-2.0-BETA4/Pebble/lib/libpebble.a(tmp9Q2g01pebble.o)
 .text.layer_set_bounds
                0x0000000000000000        0xc /Users/michael/pebble_dev/PebbleSDK-2.0-BETA4/Pebble/lib/libpebble.a(tmp9Q2g01pebble.o)
 .text.layer_set_clips
                0x0000000000000000        0xc /Users/michael/pebble_dev/PebbleSDK-2.0-BETA4/Pebble/lib/libpebble.a(tmp9Q2g01pebble.o)
 .text.layer_set_frame
                0x0000000000000000        0xc /Users/michael/pebble_dev/PebbleSDK-2.0-BETA4/Pebble/lib/libpebble.a(tmp9Q2g01pebble.o)
 .text.layer_set_hidden
                0x0000000000000000        0xc /Users/michael/pebble_dev/PebbleSDK-2.0-BETA4/Pebble/lib/libpebble.a(tmp9Q2g01pebble.o)
 .text.light_enable
                0x0000000000000000        0xc /Users/michael/pebble_dev/PebbleSDK-2.0-BETA4/Pebble/lib/libpebble.a(tmp9Q2g01pebble.o)
 .text.light_enable_interaction
                0x0000000000000000        0xc /Users/michael/pebble_dev/PebbleSDK-2.0-BETA4/Pebble/lib/libpebble.a(tmp9Q2g01pebble.o)
 .text.malloc   0x0000000000000000        0xc /Users/michael/pebble_dev/PebbleSDK-2.0-BETA4/Pebble/lib/libpebble.a(tmp9Q2g01pebble.o)
 .text.memcpy   0x0000000000000000        0xc /Users/michael/pebble_dev/PebbleSDK-2.0-BETA4/Pebble/lib/libpebble.a(tmp9Q2g01pebble.o)
 .text.memmove  0x0000000000000000        0xc /Users/michael/pebble_dev/PebbleSDK-2.0-BETA4/Pebble/lib/libpebble.a(tmp9Q2g01pebble.o)
 .text.menu_cell_basic_draw
                0x0000000000000000        0xc /Users/michael/pebble_dev/PebbleSDK-2.0-BETA4/Pebble/lib/libpebble.a(tmp9Q2g01pebble.o)
 .text.menu_cell_basic_header_draw
                0x0000000000000000        0xc /Users/michael/pebble_dev/PebbleSDK-2.0-BETA4/Pebble/lib/libpebble.a(tmp9Q2g01pebble.o)
 .text.menu_cell_title_draw
                0x0000000000000000        0xc /Users/michael/pebble_dev/PebbleSDK-2.0-BETA4/Pebble/lib/libpebble.a(tmp9Q2g01pebble.o)
 .text.menu_index_compare
                0x0000000000000000        0xc /Users/michael/pebble_dev/PebbleSDK-2.0-BETA4/Pebble/lib/libpebble.a(tmp9Q2g01pebble.o)
 .text.menu_layer_create
                0x0000000000000000        0xc /Users/michael/pebble_dev/PebbleSDK-2.0-BETA4/Pebble/lib/libpebble.a(tmp9Q2g01pebble.o)
 .text.menu_layer_destroy
                0x0000000000000000        0xc /Users/michael/pebble_dev/PebbleSDK-2.0-BETA4/Pebble/lib/libpebble.a(tmp9Q2g01pebble.o)
 .text.menu_layer_get_layer
                0x0000000000000000        0xc /Users/michael/pebble_dev/PebbleSDK-2.0-BETA4/Pebble/lib/libpebble.a(tmp9Q2g01pebble.o)
 .text.menu_layer_get_scroll_layer
                0x0000000000000000        0xc /Users/michael/pebble_dev/PebbleSDK-2.0-BETA4/Pebble/lib/libpebble.a(tmp9Q2g01pebble.o)
 .text.menu_layer_get_selected_index
                0x0000000000000000        0xc /Users/michael/pebble_dev/PebbleSDK-2.0-BETA4/Pebble/lib/libpebble.a(tmp9Q2g01pebble.o)
 .text.menu_layer_reload_data
                0x0000000000000000        0xc /Users/michael/pebble_dev/PebbleSDK-2.0-BETA4/Pebble/lib/libpebble.a(tmp9Q2g01pebble.o)
 .text.menu_layer_set_callbacks
                0x0000000000000000        0xc /Users/michael/pebble_dev/PebbleSDK-2.0-BETA4/Pebble/lib/libpebble.a(tmp9Q2g01pebble.o)
 .text.menu_layer_set_click_config_onto_window
                0x0000000000000000        0xc /Users/michael/pebble_dev/PebbleSDK-2.0-BETA4/Pebble/lib/libpebble.a(tmp9Q2g01pebble.o)
 .text.menu_layer_set_selected_index
                0x0000000000000000        0xc /Users/michael/pebble_dev/PebbleSDK-2.0-BETA4/Pebble/lib/libpebble.a(tmp9Q2g01pebble.o)
 .text.menu_layer_set_selected_next
                0x0000000000000000        0xc /Users/michael/pebble_dev/PebbleSDK-2.0-BETA4/Pebble/lib/libpebble.a(tmp9Q2g01pebble.o)
 .text.number_window_create
                0x0000000000000000        0xc /Users/michael/pebble_dev/PebbleSDK-2.0-BETA4/Pebble/lib/libpebble.a(tmp9Q2g01pebble.o)
 .text.number_window_destroy
                0x0000000000000000        0xc /Users/michael/pebble_dev/PebbleSDK-2.0-BETA4/Pebble/lib/libpebble.a(tmp9Q2g01pebble.o)
 .text.number_window_get_value
                0x0000000000000000        0xc /Users/michael/pebble_dev/PebbleSDK-2.0-BETA4/Pebble/lib/libpebble.a(tmp9Q2g01pebble.o)
 .text.number_window_set_label
                0x0000000000000000        0xc /Users/michael/pebble_dev/PebbleSDK-2.0-BETA4/Pebble/lib/libpebble.a(tmp9Q2g01pebble.o)
 .text.number_window_set_max
                0x0000000000000000        0xc /Users/michael/pebble_dev/PebbleSDK-2.0-BETA4/Pebble/lib/libpebble.a(tmp9Q2g01pebble.o)
 .text.number_window_set_min
                0x0000000000000000        0xc /Users/michael/pebble_dev/PebbleSDK-2.0-BETA4/Pebble/lib/libpebble.a(tmp9Q2g01pebble.o)
 .text.number_window_set_step_size
                0x0000000000000000        0xc /Users/michael/pebble_dev/PebbleSDK-2.0-BETA4/Pebble/lib/libpebble.a(tmp9Q2g01pebble.o)
 .text.number_window_set_value
                0x0000000000000000        0xc /Users/michael/pebble_dev/PebbleSDK-2.0-BETA4/Pebble/lib/libpebble.a(tmp9Q2g01pebble.o)
 .text.persist_delete
                0x0000000000000000        0xc /Users/michael/pebble_dev/PebbleSDK-2.0-BETA4/Pebble/lib/libpebble.a(tmp9Q2g01pebble.o)
 .text.persist_exists
                0x0000000000000000        0xc /Users/michael/pebble_dev/PebbleSDK-2.0-BETA4/Pebble/lib/libpebble.a(tmp9Q2g01pebble.o)
 .text.persist_get_size
                0x0000000000000000        0xc /Users/michael/pebble_dev/PebbleSDK-2.0-BETA4/Pebble/lib/libpebble.a(tmp9Q2g01pebble.o)
 .text.persist_read_bool
                0x0000000000000000        0xc /Users/michael/pebble_dev/PebbleSDK-2.0-BETA4/Pebble/lib/libpebble.a(tmp9Q2g01pebble.o)
 .text.persist_read_data__deprecated
                0x0000000000000000        0xc /Users/michael/pebble_dev/PebbleSDK-2.0-BETA4/Pebble/lib/libpebble.a(tmp9Q2g01pebble.o)
 .text.persist_read_int
                0x0000000000000000        0xc /Users/michael/pebble_dev/PebbleSDK-2.0-BETA4/Pebble/lib/libpebble.a(tmp9Q2g01pebble.o)
 .text.persist_read_string__deprecated
                0x0000000000000000        0xc /Users/michael/pebble_dev/PebbleSDK-2.0-BETA4/Pebble/lib/libpebble.a(tmp9Q2g01pebble.o)
 .text.persist_write_bool
                0x0000000000000000        0xc /Users/michael/pebble_dev/PebbleSDK-2.0-BETA4/Pebble/lib/libpebble.a(tmp9Q2g01pebble.o)
 .text.persist_write_data__deprecated
                0x0000000000000000        0xc /Users/michael/pebble_dev/PebbleSDK-2.0-BETA4/Pebble/lib/libpebble.a(tmp9Q2g01pebble.o)
 .text.persist_write_int
                0x0000000000000000        0xc /Users/michael/pebble_dev/PebbleSDK-2.0-BETA4/Pebble/lib/libpebble.a(tmp9Q2g01pebble.o)
 .text.persist_write_string
                0x0000000000000000        0xc /Users/michael/pebble_dev/PebbleSDK-2.0-BETA4/Pebble/lib/libpebble.a(tmp9Q2g01pebble.o)
 .text.property_animation_create
                0x0000000000000000        0xc /Users/michael/pebble_dev/PebbleSDK-2.0-BETA4/Pebble/lib/libpebble.a(tmp9Q2g01pebble.o)
 .text.property_animation_create_layer_frame
                0x0000000000000000        0xc /Users/michael/pebble_dev/PebbleSDK-2.0-BETA4/Pebble/lib/libpebble.a(tmp9Q2g01pebble.o)
 .text.property_animation_destroy
                0x0000000000000000        0xc /Users/michael/pebble_dev/PebbleSDK-2.0-BETA4/Pebble/lib/libpebble.a(tmp9Q2g01pebble.o)
 .text.property_animation_update_gpoint
                0x0000000000000000        0xc /Users/michael/pebble_dev/PebbleSDK-2.0-BETA4/Pebble/lib/libpebble.a(tmp9Q2g01pebble.o)
 .text.property_animation_update_grect
                0x0000000000000000        0xc /Users/michael/pebble_dev/PebbleSDK-2.0-BETA4/Pebble/lib/libpebble.a(tmp9Q2g01pebble.o)
 .text.property_animation_update_int16
                0x0000000000000000        0xc /Users/michael/pebble_dev/PebbleSDK-2.0-BETA4/Pebble/lib/libpebble.a(tmp9Q2g01pebble.o)
 .text.psleep   0x0000000000000000        0xc /Users/michael/pebble_dev/PebbleSDK-2.0-BETA4/Pebble/lib/libpebble.a(tmp9Q2g01pebble.o)
 .text.rand     0x0000000000000000        0xc /Users/michael/pebble_dev/PebbleSDK-2.0-BETA4/Pebble/lib/libpebble.a(tmp9Q2g01pebble.o)
 .text.resource_get_handle
                0x0000000000000000        0xc /Users/michael/pebble_dev/PebbleSDK-2.0-BETA4/Pebble/lib/libpebble.a(tmp9Q2g01pebble.o)
 .text.resource_load
                0x0000000000000000        0xc /Users/michael/pebble_dev/PebbleSDK-2.0-BETA4/Pebble/lib/libpebble.a(tmp9Q2g01pebble.o)
 .text.resource_load_byte_range
                0x0000000000000000        0xc /Users/michael/pebble_dev/PebbleSDK-2.0-BETA4/Pebble/lib/libpebble.a(tmp9Q2g01pebble.o)
 .text.resource_size
                0x0000000000000000        0xc /Users/michael/pebble_dev/PebbleSDK-2.0-BETA4/Pebble/lib/libpebble.a(tmp9Q2g01pebble.o)
 .text.rot_bitmap_layer_create
                0x0000000000000000        0xc /Users/michael/pebble_dev/PebbleSDK-2.0-BETA4/Pebble/lib/libpebble.a(tmp9Q2g01pebble.o)
 .text.rot_bitmap_layer_destroy
                0x0000000000000000        0xc /Users/michael/pebble_dev/PebbleSDK-2.0-BETA4/Pebble/lib/libpebble.a(tmp9Q2g01pebble.o)
 .text.rot_bitmap_layer_increment_angle
                0x0000000000000000        0xc /Users/michael/pebble_dev/PebbleSDK-2.0-BETA4/Pebble/lib/libpebble.a(tmp9Q2g01pebble.o)
 .text.rot_bitmap_layer_set_angle
                0x0000000000000000        0xc /Users/michael/pebble_dev/PebbleSDK-2.0-BETA4/Pebble/lib/libpebble.a(tmp9Q2g01pebble.o)
 .text.rot_bitmap_layer_set_corner_clip_color
                0x0000000000000000        0xc /Users/michael/pebble_dev/PebbleSDK-2.0-BETA4/Pebble/lib/libpebble.a(tmp9Q2g01pebble.o)
 .text.rot_bitmap_set_compositing_mode
                0x0000000000000000        0xc /Users/michael/pebble_dev/PebbleSDK-2.0-BETA4/Pebble/lib/libpebble.a(tmp9Q2g01pebble.o)
 .text.rot_bitmap_set_src_ic
                0x0000000000000000        0xc /Users/michael/pebble_dev/PebbleSDK-2.0-BETA4/Pebble/lib/libpebble.a(tmp9Q2g01pebble.o)
 .text.scroll_layer_add_child
                0x0000000000000000        0xc /Users/michael/pebble_dev/PebbleSDK-2.0-BETA4/Pebble/lib/libpebble.a(tmp9Q2g01pebble.o)
 .text.scroll_layer_create
                0x0000000000000000        0xc /Users/michael/pebble_dev/PebbleSDK-2.0-BETA4/Pebble/lib/libpebble.a(tmp9Q2g01pebble.o)
 .text.scroll_layer_destroy
                0x0000000000000000        0xc /Users/michael/pebble_dev/PebbleSDK-2.0-BETA4/Pebble/lib/libpebble.a(tmp9Q2g01pebble.o)
 .text.scroll_layer_get_content_offset
                0x0000000000000000        0xc /Users/michael/pebble_dev/PebbleSDK-2.0-BETA4/Pebble/lib/libpebble.a(tmp9Q2g01pebble.o)
 .text.scroll_layer_get_content_size
                0x0000000000000000        0xc /Users/michael/pebble_dev/PebbleSDK-2.0-BETA4/Pebble/lib/libpebble.a(tmp9Q2g01pebble.o)
 .text.scroll_layer_get_layer
                0x0000000000000000        0xc /Users/michael/pebble_dev/PebbleSDK-2.0-BETA4/Pebble/lib/libpebble.a(tmp9Q2g01pebble.o)
 .text.scroll_layer_get_shadow_hidden
                0x0000000000000000        0xc /Users/michael/pebble_dev/PebbleSDK-2.0-BETA4/Pebble/lib/libpebble.a(tmp9Q2g01pebble.o)
 .text.scroll_layer_scroll_down_click_handler
                0x0000000000000000        0xc /Users/michael/pebble_dev/PebbleSDK-2.0-BETA4/Pebble/lib/libpebble.a(tmp9Q2g01pebble.o)
 .text.scroll_layer_scroll_up_click_handler
                0x0000000000000000        0xc /Users/michael/pebble_dev/PebbleSDK-2.0-BETA4/Pebble/lib/libpebble.a(tmp9Q2g01pebble.o)
 .text.scroll_layer_set_callbacks
                0x0000000000000000        0xc /Users/michael/pebble_dev/PebbleSDK-2.0-BETA4/Pebble/lib/libpebble.a(tmp9Q2g01pebble.o)
 .text.scroll_layer_set_click_config_onto_window
                0x0000000000000000        0xc /Users/michael/pebble_dev/PebbleSDK-2.0-BETA4/Pebble/lib/libpebble.a(tmp9Q2g01pebble.o)
 .text.scroll_layer_set_content_offset
                0x0000000000000000        0xc /Users/michael/pebble_dev/PebbleSDK-2.0-BETA4/Pebble/lib/libpebble.a(tmp9Q2g01pebble.o)
 .text.scroll_layer_set_content_size
                0x0000000000000000        0xc /Users/michael/pebble_dev/PebbleSDK-2.0-BETA4/Pebble/lib/libpebble.a(tmp9Q2g01pebble.o)
 .text.scroll_layer_set_context
                0x0000000000000000        0xc /Users/michael/pebble_dev/PebbleSDK-2.0-BETA4/Pebble/lib/libpebble.a(tmp9Q2g01pebble.o)
 .text.scroll_layer_set_frame
                0x0000000000000000        0xc /Users/michael/pebble_dev/PebbleSDK-2.0-BETA4/Pebble/lib/libpebble.a(tmp9Q2g01pebble.o)
 .text.scroll_layer_set_shadow_hidden
                0x0000000000000000        0xc /Users/michael/pebble_dev/PebbleSDK-2.0-BETA4/Pebble/lib/libpebble.a(tmp9Q2g01pebble.o)
 .text.simple_menu_layer_create
                0x0000000000000000        0xc /Users/michael/pebble_dev/PebbleSDK-2.0-BETA4/Pebble/lib/libpebble.a(tmp9Q2g01pebble.o)
 .text.simple_menu_layer_destroy
                0x0000000000000000        0xc /Users/michael/pebble_dev/PebbleSDK-2.0-BETA4/Pebble/lib/libpebble.a(tmp9Q2g01pebble.o)
 .text.simple_menu_layer_get_layer
                0x0000000000000000        0xc /Users/michael/pebble_dev/PebbleSDK-2.0-BETA4/Pebble/lib/libpebble.a(tmp9Q2g01pebble.o)
 .text.simple_menu_layer_get_selected_index
                0x0000000000000000        0xc /Users/michael/pebble_dev/PebbleSDK-2.0-BETA4/Pebble/lib/libpebble.a(tmp9Q2g01pebble.o)
 .text.simple_menu_layer_set_selected_index
                0x0000000000000000        0xc /Users/michael/pebble_dev/PebbleSDK-2.0-BETA4/Pebble/lib/libpebble.a(tmp9Q2g01pebble.o)
 .text.sin_lookup
                0x0000000000000000        0xc /Users/michael/pebble_dev/PebbleSDK-2.0-BETA4/Pebble/lib/libpebble.a(tmp9Q2g01pebble.o)
 .text.snprintf
                0x0000000000000000        0xc /Users/michael/pebble_dev/PebbleSDK-2.0-BETA4/Pebble/lib/libpebble.a(tmp9Q2g01pebble.o)
 .text.srand    0x0000000000000000        0xc /Users/michael/pebble_dev/PebbleSDK-2.0-BETA4/Pebble/lib/libpebble.a(tmp9Q2g01pebble.o)
 .text.strcat   0x0000000000000000        0xc /Users/michael/pebble_dev/PebbleSDK-2.0-BETA4/Pebble/lib/libpebble.a(tmp9Q2g01pebble.o)
 .text.strcmp   0x0000000000000000        0xc /Users/michael/pebble_dev/PebbleSDK-2.0-BETA4/Pebble/lib/libpebble.a(tmp9Q2g01pebble.o)
 .text.strcpy   0x0000000000000000        0xc /Users/michael/pebble_dev/PebbleSDK-2.0-BETA4/Pebble/lib/libpebble.a(tmp9Q2g01pebble.o)
 .text.strftime
                0x0000000000000000        0xc /Users/michael/pebble_dev/PebbleSDK-2.0-BETA4/Pebble/lib/libpebble.a(tmp9Q2g01pebble.o)
 .text.strlen   0x0000000000000000        0xc /Users/michael/pebble_dev/PebbleSDK-2.0-BETA4/Pebble/lib/libpebble.a(tmp9Q2g01pebble.o)
 .text.strncat  0x0000000000000000        0xc /Users/michael/pebble_dev/PebbleSDK-2.0-BETA4/Pebble/lib/libpebble.a(tmp9Q2g01pebble.o)
 .text.strncmp  0x0000000000000000        0xc /Users/michael/pebble_dev/PebbleSDK-2.0-BETA4/Pebble/lib/libpebble.a(tmp9Q2g01pebble.o)
 .text.strncpy  0x0000000000000000        0xc /Users/michael/pebble_dev/PebbleSDK-2.0-BETA4/Pebble/lib/libpebble.a(tmp9Q2g01pebble.o)
 .text.text_layer_get_content_size
                0x0000000000000000        0xc /Users/michael/pebble_dev/PebbleSDK-2.0-BETA4/Pebble/lib/libpebble.a(tmp9Q2g01pebble.o)
 .text.text_layer_get_layer
                0x0000000000000000        0xc /Users/michael/pebble_dev/PebbleSDK-2.0-BETA4/Pebble/lib/libpebble.a(tmp9Q2g01pebble.o)
 .text.text_layer_get_text
                0x0000000000000000        0xc /Users/michael/pebble_dev/PebbleSDK-2.0-BETA4/Pebble/lib/libpebble.a(tmp9Q2g01pebble.o)
 .text.text_layer_set_overflow_mode
                0x0000000000000000        0xc /Users/michael/pebble_dev/PebbleSDK-2.0-BETA4/Pebble/lib/libpebble.a(tmp9Q2g01pebble.o)
 .text.text_layer_set_size
                0x0000000000000000        0xc /Users/michael/pebble_dev/PebbleSDK-2.0-BETA4/Pebble/lib/libpebble.a(tmp9Q2g01pebble.o)
 .text.time_ms  0x0000000000000000        0xc /Users/michael/pebble_dev/PebbleSDK-2.0-BETA4/Pebble/lib/libpebble.a(tmp9Q2g01pebble.o)
 .text.vibes_cancel
                0x0000000000000000        0xc /Users/michael/pebble_dev/PebbleSDK-2.0-BETA4/Pebble/lib/libpebble.a(tmp9Q2g01pebble.o)
 .text.vibes_double_pulse
                0x0000000000000000        0xc /Users/michael/pebble_dev/PebbleSDK-2.0-BETA4/Pebble/lib/libpebble.a(tmp9Q2g01pebble.o)
 .text.vibes_enqueue_custom_pattern
                0x0000000000000000        0xc /Users/michael/pebble_dev/PebbleSDK-2.0-BETA4/Pebble/lib/libpebble.a(tmp9Q2g01pebble.o)
 .text.vibes_long_pulse
                0x0000000000000000        0xc /Users/michael/pebble_dev/PebbleSDK-2.0-BETA4/Pebble/lib/libpebble.a(tmp9Q2g01pebble.o)
 .text.vibes_short_pulse
                0x0000000000000000        0xc /Users/michael/pebble_dev/PebbleSDK-2.0-BETA4/Pebble/lib/libpebble.a(tmp9Q2g01pebble.o)
 .text.window_get_click_config_provider
                0x0000000000000000        0xc /Users/michael/pebble_dev/PebbleSDK-2.0-BETA4/Pebble/lib/libpebble.a(tmp9Q2g01pebble.o)
 .text.window_get_fullscreen
                0x0000000000000000        0xc /Users/michael/pebble_dev/PebbleSDK-2.0-BETA4/Pebble/lib/libpebble.a(tmp9Q2g01pebble.o)
 .text.window_is_loaded
                0x0000000000000000        0xc /Users/michael/pebble_dev/PebbleSDK-2.0-BETA4/Pebble/lib/libpebble.a(tmp9Q2g01pebble.o)
 .text.window_set_background_color
                0x0000000000000000        0xc /Users/michael/pebble_dev/PebbleSDK-2.0-BETA4/Pebble/lib/libpebble.a(tmp9Q2g01pebble.o)
 .text.window_set_click_config_provider
                0x0000000000000000        0xc /Users/michael/pebble_dev/PebbleSDK-2.0-BETA4/Pebble/lib/libpebble.a(tmp9Q2g01pebble.o)
 .text.window_set_click_config_provider_with_context
                0x0000000000000000        0xc /Users/michael/pebble_dev/PebbleSDK-2.0-BETA4/Pebble/lib/libpebble.a(tmp9Q2g01pebble.o)
 .text.window_set_fullscreen
                0x0000000000000000        0xc /Users/michael/pebble_dev/PebbleSDK-2.0-BETA4/Pebble/lib/libpebble.a(tmp9Q2g01pebble.o)
 .text.window_set_status_bar_icon
                0x0000000000000000        0xc /Users/michael/pebble_dev/PebbleSDK-2.0-BETA4/Pebble/lib/libpebble.a(tmp9Q2g01pebble.o)
 .text.window_stack_contains_window
                0x0000000000000000        0xc /Users/michael/pebble_dev/PebbleSDK-2.0-BETA4/Pebble/lib/libpebble.a(tmp9Q2g01pebble.o)
 .text.window_stack_get_top_window
                0x0000000000000000        0xc /Users/michael/pebble_dev/PebbleSDK-2.0-BETA4/Pebble/lib/libpebble.a(tmp9Q2g01pebble.o)
 .text.window_stack_pop
                0x0000000000000000        0xc /Users/michael/pebble_dev/PebbleSDK-2.0-BETA4/Pebble/lib/libpebble.a(tmp9Q2g01pebble.o)
 .text.window_stack_pop_all
                0x0000000000000000        0xc /Users/michael/pebble_dev/PebbleSDK-2.0-BETA4/Pebble/lib/libpebble.a(tmp9Q2g01pebble.o)
 .text.window_stack_remove
                0x0000000000000000        0xc /Users/michael/pebble_dev/PebbleSDK-2.0-BETA4/Pebble/lib/libpebble.a(tmp9Q2g01pebble.o)
 .text.app_focus_service_subscribe
                0x0000000000000000        0xc /Users/michael/pebble_dev/PebbleSDK-2.0-BETA4/Pebble/lib/libpebble.a(tmp9Q2g01pebble.o)
 .text.app_focus_service_unsubscribe
                0x0000000000000000        0xc /Users/michael/pebble_dev/PebbleSDK-2.0-BETA4/Pebble/lib/libpebble.a(tmp9Q2g01pebble.o)
 .text.window_get_user_data
                0x0000000000000000        0xc /Users/michael/pebble_dev/PebbleSDK-2.0-BETA4/Pebble/lib/libpebble.a(tmp9Q2g01pebble.o)
 .text.window_set_user_data
                0x0000000000000000        0xc /Users/michael/pebble_dev/PebbleSDK-2.0-BETA4/Pebble/lib/libpebble.a(tmp9Q2g01pebble.o)
 .text.app_message_get_context
                0x0000000000000000        0xc /Users/michael/pebble_dev/PebbleSDK-2.0-BETA4/Pebble/lib/libpebble.a(tmp9Q2g01pebble.o)
 .text.app_message_inbox_size_maximum
                0x0000000000000000        0xc /Users/michael/pebble_dev/PebbleSDK-2.0-BETA4/Pebble/lib/libpebble.a(tmp9Q2g01pebble.o)
 .text.app_message_outbox_begin
                0x0000000000000000        0xc /Users/michael/pebble_dev/PebbleSDK-2.0-BETA4/Pebble/lib/libpebble.a(tmp9Q2g01pebble.o)
 .text.app_message_outbox_send
                0x0000000000000000        0xc /Users/michael/pebble_dev/PebbleSDK-2.0-BETA4/Pebble/lib/libpebble.a(tmp9Q2g01pebble.o)
 .text.app_message_outbox_size_maximum
                0x0000000000000000        0xc /Users/michael/pebble_dev/PebbleSDK-2.0-BETA4/Pebble/lib/libpebble.a(tmp9Q2g01pebble.o)
 .text.app_message_register_inbox_dropped
                0x0000000000000000        0xc /Users/michael/pebble_dev/PebbleSDK-2.0-BETA4/Pebble/lib/libpebble.a(tmp9Q2g01pebble.o)
 .text.app_message_register_inbox_received
                0x0000000000000000        0xc /Users/michael/pebble_dev/PebbleSDK-2.0-BETA4/Pebble/lib/libpebble.a(tmp9Q2g01pebble.o)
 .text.app_message_register_outbox_failed
                0x0000000000000000        0xc /Users/michael/pebble_dev/PebbleSDK-2.0-BETA4/Pebble/lib/libpebble.a(tmp9Q2g01pebble.o)
 .text.app_message_register_outbox_sent
                0x0000000000000000        0xc /Users/michael/pebble_dev/PebbleSDK-2.0-BETA4/Pebble/lib/libpebble.a(tmp9Q2g01pebble.o)
 .text.app_message_set_context
                0x0000000000000000        0xc /Users/michael/pebble_dev/PebbleSDK-2.0-BETA4/Pebble/lib/libpebble.a(tmp9Q2g01pebble.o)
 .text.window_long_click_subscribe
                0x0000000000000000        0xc /Users/michael/pebble_dev/PebbleSDK-2.0-BETA4/Pebble/lib/libpebble.a(tmp9Q2g01pebble.o)
 .text.window_multi_click_subscribe
                0x0000000000000000        0xc /Users/michael/pebble_dev/PebbleSDK-2.0-BETA4/Pebble/lib/libpebble.a(tmp9Q2g01pebble.o)
 .text.window_raw_click_subscribe
                0x0000000000000000        0xc /Users/michael/pebble_dev/PebbleSDK-2.0-BETA4/Pebble/lib/libpebble.a(tmp9Q2g01pebble.o)
 .text.window_set_click_context
                0x0000000000000000        0xc /Users/michael/pebble_dev/PebbleSDK-2.0-BETA4/Pebble/lib/libpebble.a(tmp9Q2g01pebble.o)
 .text.window_single_click_subscribe
                0x0000000000000000        0xc /Users/michael/pebble_dev/PebbleSDK-2.0-BETA4/Pebble/lib/libpebble.a(tmp9Q2g01pebble.o)
 .text.window_single_repeating_click_subscribe
                0x0000000000000000        0xc /Users/michael/pebble_dev/PebbleSDK-2.0-BETA4/Pebble/lib/libpebble.a(tmp9Q2g01pebble.o)
 .text.graphics_draw_text
                0x0000000000000000        0xc /Users/michael/pebble_dev/PebbleSDK-2.0-BETA4/Pebble/lib/libpebble.a(tmp9Q2g01pebble.o)
 .text.dict_serialize_tuplets_to_buffer
                0x0000000000000000        0xc /Users/michael/pebble_dev/PebbleSDK-2.0-BETA4/Pebble/lib/libpebble.a(tmp9Q2g01pebble.o)
 .text.persist_read_data
                0x0000000000000000        0xc /Users/michael/pebble_dev/PebbleSDK-2.0-BETA4/Pebble/lib/libpebble.a(tmp9Q2g01pebble.o)
 .text.persist_read_string
                0x0000000000000000        0xc /Users/michael/pebble_dev/PebbleSDK-2.0-BETA4/Pebble/lib/libpebble.a(tmp9Q2g01pebble.o)
 .text.persist_write_data
                0x0000000000000000        0xc /Users/michael/pebble_dev/PebbleSDK-2.0-BETA4/Pebble/lib/libpebble.a(tmp9Q2g01pebble.o)
 .text.dict_size
                0x0000000000000000        0xc /Users/michael/pebble_dev/PebbleSDK-2.0-BETA4/Pebble/lib/libpebble.a(tmp9Q2g01pebble.o)
 .text.graphics_text_layout_get_content_size
                0x0000000000000000        0xc /Users/michael/pebble_dev/PebbleSDK-2.0-BETA4/Pebble/lib/libpebble.a(tmp9Q2g01pebble.o)
 .text.simple_menu_layer_get_menu_layer
                0x0000000000000000        0xc /Users/michael/pebble_dev/PebbleSDK-2.0-BETA4/Pebble/lib/libpebble.a(tmp9Q2g01pebble.o)
 .text.accel_data_service_subscribe
                0x0000000000000000        0xc /Users/michael/pebble_dev/PebbleSDK-2.0-BETA4/Pebble/lib/libpebble.a(tmp9Q2g01pebble.o)
 .text.calloc   0x0000000000000000        0xc /Users/michael/pebble_dev/PebbleSDK-2.0-BETA4/Pebble/lib/libpebble.a(tmp9Q2g01pebble.o)
 .text          0x0000000000000000        0x0 /Users/michael/pebble_dev/PebbleSDK-2.0-BETA4/arm-cs-tools/bin/../lib/gcc/arm-none-eabi/4.7.2/thumb2/crtend.o
 .bss           0x0000000000000000        0x0 /Users/michael/pebble_dev/PebbleSDK-2.0-BETA4/arm-cs-tools/bin/../lib/gcc/arm-none-eabi/4.7.2/thumb2/crtend.o
 .eh_frame      0x0000000000000000        0x4 /Users/michael/pebble_dev/PebbleSDK-2.0-BETA4/arm-cs-tools/bin/../lib/gcc/arm-none-eabi/4.7.2/thumb2/crtend.o
 .jcr           0x0000000000000000        0x4 /Users/michael/pebble_dev/PebbleSDK-2.0-BETA4/arm-cs-tools/bin/../lib/gcc/arm-none-eabi/4.7.2/thumb2/crtend.o
 .tm_clone_table
                0x0000000000000000        0x0 /Users/michael/pebble_dev/PebbleSDK-2.0-BETA4/arm-cs-tools/bin/../lib/gcc/arm-none-eabi/4.7.2/thumb2/crtend.o
 .text          0x0000000000000000        0x0 /Users/michael/pebble_dev/PebbleSDK-2.0-BETA4/arm-cs-tools/bin/../lib/gcc/arm-none-eabi/4.7.2/thumb2/crtn.o
 .bss           0x0000000000000000        0x0 /Users/michael/pebble_dev/PebbleSDK-2.0-BETA4/arm-cs-tools/bin/../lib/gcc/arm-none-eabi/4.7.2/thumb2/crtn.o
 .init          0x0000000000000000        0x8 /Users/michael/pebble_dev/PebbleSDK-2.0-BETA4/arm-cs-tools/bin/../lib/gcc/arm-none-eabi/4.7.2/thumb2/crtn.o
 .fini          0x0000000000000000        0x8 /Users/michael/pebble_dev/PebbleSDK-2.0-BETA4/arm-cs-tools/bin/../lib/gcc/arm-none-eabi/4.7.2/thumb2/crtn.o

Memory Configuration

Name             Origin             Length             Attributes
APP              0x0000000000000000 0x0000000000006000 xrw
*default*        0x0000000000000000 0xffffffffffffffff

Linker script and memory map

LOAD /Users/michael/pebble_dev/PebbleSDK-2.0-BETA4/arm-cs-tools/bin/../lib/gcc/arm-none-eabi/4.7.2/thumb2/crti.o
LOAD /Users/michael/pebble_dev/PebbleSDK-2.0-BETA4/arm-cs-tools/bin/../lib/gcc/arm-none-eabi/4.7.2/thumb2/crtbegin.o
LOAD src/simple_analog.c.7.o
LOAD appinfo.auto.c.7.o
LOAD /Users/michael/pebble_dev/PebbleSDK-2.0-BETA4/Pebble/lib/libpebble.a
START GROUP
LOAD /Users/michael/pebble_dev/PebbleSDK-2.0-BETA4/arm-cs-tools/bin/../lib/gcc/arm-none-eabi/4.7.2/thumb2/libgcc.a
LOAD /Users/michael/pebble_dev/PebbleSDK-2.0-BETA4/arm-cs-tools/bin/../lib/gcc/arm-none-eabi/4.7.2/../../../../arm-none-eabi/lib/thumb2/libc.a
END GROUP
LOAD /Users/michael/pebble_dev/PebbleSDK-2.0-BETA4/arm-cs-tools/bin/../lib/gcc/arm-none-eabi/4.7.2/thumb2/crtend.o
LOAD /Users/michael/pebble_dev/PebbleSDK-2.0-BETA4/arm-cs-tools/bin/../lib/gcc/arm-none-eabi/4.7.2/thumb2/crtn.o

.header         0x0000000000000000       0x82
 *(.pbl_header)
 .pbl_header    0x0000000000000000       0x82 appinfo.auto.c.7.o
                0x0000000000000000                __pbl_app_info

.text           0x0000000000000084      0x6d7
 *(.text)
 .text          0x0000000000000084       0x14 /Users/michael/pebble_dev/PebbleSDK-2.0-BETA4/Pebble/lib/libpebble.a(tmp9Q2g01pebble.o)
 *(.text.*)
 .text.handle_battery
                0x0000000000000098       0x3c src/simple_analog.c.7.o
 .text.handle_second_tick
                0x00000000000000d4       0x20 src/simple_analog.c.7.o
 .text.window_unload
                0x00000000000000f4       0x54 src/simple_analog.c.7.o
 .text.window_load
                0x0000000000000148       0x6c src/simple_analog.c.7.o
 .text.hands_update_proc
                0x00000000000001b4      0x138 src/simple_analog.c.7.o
 .text.bg_update_proc
                0x00000000000002ec       0x48 src/simple_analog.c.7.o
 .text.startup.main
                0x0000000000000334      0x244 src/simple_analog.c.7.o
                0x0000000000000334                main
 .text.app_event_loop
                0x0000000000000578        0xc /Users/michael/pebble_dev/PebbleSDK-2.0-BETA4/Pebble/lib/libpebble.a(tmp9Q2g01pebble.o)
                0x0000000000000578                app_event_loop
 .text.battery_state_service_peek
                0x0000000000000584        0xc /Users/michael/pebble_dev/PebbleSDK-2.0-BETA4/Pebble/lib/libpebble.a(tmp9Q2g01pebble.o)
                0x0000000000000584                battery_state_service_peek
 .text.battery_state_service_subscribe
                0x0000000000000590        0xc /Users/michael/pebble_dev/PebbleSDK-2.0-BETA4/Pebble/lib/libpebble.a(tmp9Q2g01pebble.o)
                0x0000000000000590                battery_state_service_subscribe
 .text.fonts_get_system_font
                0x000000000000059c        0xc /Users/michael/pebble_dev/PebbleSDK-2.0-BETA4/Pebble/lib/libpebble.a(tmp9Q2g01pebble.o)
                0x000000000000059c                fonts_get_system_font
 .text.gpath_create
                0x00000000000005a8        0xc /Users/michael/pebble_dev/PebbleSDK-2.0-BETA4/Pebble/lib/libpebble.a(tmp9Q2g01pebble.o)
                0x00000000000005a8                gpath_create
 .text.gpath_destroy
                0x00000000000005b4        0xc /Users/michael/pebble_dev/PebbleSDK-2.0-BETA4/Pebble/lib/libpebble.a(tmp9Q2g01pebble.o)
                0x00000000000005b4                gpath_destroy
 .text.gpath_draw_filled
                0x00000000000005c0        0xc /Users/michael/pebble_dev/PebbleSDK-2.0-BETA4/Pebble/lib/libpebble.a(tmp9Q2g01pebble.o)
                0x00000000000005c0                gpath_draw_filled
 .text.gpath_draw_outline
                0x00000000000005cc        0xc /Users/michael/pebble_dev/PebbleSDK-2.0-BETA4/Pebble/lib/libpebble.a(tmp9Q2g01pebble.o)
                0x00000000000005cc                gpath_draw_outline
 .text.gpath_move_to
                0x00000000000005d8        0xc /Users/michael/pebble_dev/PebbleSDK-2.0-BETA4/Pebble/lib/libpebble.a(tmp9Q2g01pebble.o)
                0x00000000000005d8                gpath_move_to
 .text.gpath_rotate_to
                0x00000000000005e4        0xc /Users/michael/pebble_dev/PebbleSDK-2.0-BETA4/Pebble/lib/libpebble.a(tmp9Q2g01pebble.o)
                0x00000000000005e4                gpath_rotate_to
 .text.graphics_context_set_fill_color
                0x00000000000005f0        0xc /Users/michael/pebble_dev/PebbleSDK-2.0-BETA4/Pebble/lib/libpebble.a(tmp9Q2g01pebble.o)
                0x00000000000005f0                graphics_context_set_fill_color
 .text.graphics_context_set_stroke_color
                0x00000000000005fc        0xc /Users/michael/pebble_dev/PebbleSDK-2.0-BETA4/Pebble/lib/libpebble.a(tmp9Q2g01pebble.o)
                0x00000000000005fc                graphics_context_set_stroke_color
 .text.graphics_fill_rect
                0x0000000000000608        0xc /Users/michael/pebble_dev/PebbleSDK-2.0-BETA4/Pebble/lib/libpebble.a(tmp9Q2g01pebble.o)
                0x0000000000000608                graphics_fill_rect
 .text.grect_center_point
                0x0000000000000614        0xc /Users/michael/pebble_dev/PebbleSDK-2.0-BETA4/Pebble/lib/libpebble.a(tmp9Q2g01pebble.o)
                0x0000000000000614                grect_center_point
 .text.layer_add_child
                0x0000000000000620        0xc /Users/michael/pebble_dev/PebbleSDK-2.0-BETA4/Pebble/lib/libpebble.a(tmp9Q2g01pebble.o)
                0x0000000000000620                layer_add_child
 .text.layer_create
                0x000000000000062c        0xc /Users/michael/pebble_dev/PebbleSDK-2.0-BETA4/Pebble/lib/libpebble.a(tmp9Q2g01pebble.o)
                0x000000000000062c                layer_create
 .text.layer_destroy
                0x0000000000000638        0xc /Users/michael/pebble_dev/PebbleSDK-2.0-BETA4/Pebble/lib/libpebble.a(tmp9Q2g01pebble.o)
                0x0000000000000638                layer_destroy
 .text.layer_get_bounds
                0x0000000000000644        0xc /Users/michael/pebble_dev/PebbleSDK-2.0-BETA4/Pebble/lib/libpebble.a(tmp9Q2g01pebble.o)
                0x0000000000000644                layer_get_bounds
 .text.layer_get_frame
                0x0000000000000650        0xc /Users/michael/pebble_dev/PebbleSDK-2.0-BETA4/Pebble/lib/libpebble.a(tmp9Q2g01pebble.o)
                0x0000000000000650                layer_get_frame
 .text.layer_mark_dirty
                0x000000000000065c        0xc /Users/michael/pebble_dev/PebbleSDK-2.0-BETA4/Pebble/lib/libpebble.a(tmp9Q2g01pebble.o)
                0x000000000000065c                layer_mark_dirty
 .text.layer_set_update_proc
                0x0000000000000668        0xc /Users/michael/pebble_dev/PebbleSDK-2.0-BETA4/Pebble/lib/libpebble.a(tmp9Q2g01pebble.o)
                0x0000000000000668                layer_set_update_proc
 .text.localtime
                0x0000000000000674        0xc /Users/michael/pebble_dev/PebbleSDK-2.0-BETA4/Pebble/lib/libpebble.a(tmp9Q2g01pebble.o)
                0x0000000000000674                localtime
 .text.memset   0x0000000000000680        0xc /Users/michael/pebble_dev/PebbleSDK-2.0-BETA4/Pebble/lib/libpebble.a(tmp9Q2g01pebble.o)
                0x0000000000000680                memset
 .text.text_layer_create
                0x000000000000068c        0xc /Users/michael/pebble_dev/PebbleSDK-2.0-BETA4/Pebble/lib/libpebble.a(tmp9Q2g01pebble.o)
                0x000000000000068c                text_layer_create
 .text.text_layer_destroy
                0x0000000000000698        0xc /Users/michael/pebble_dev/PebbleSDK-2.0-BETA4/Pebble/lib/libpebble.a(tmp9Q2g01pebble.o)
                0x0000000000000698                text_layer_destroy
 .text.text_layer_set_background_color
                0x00000000000006a4        0xc /Users/michael/pebble_dev/PebbleSDK-2.0-BETA4/Pebble/lib/libpebble.a(tmp9Q2g01pebble.o)
                0x00000000000006a4                text_layer_set_background_color
 .text.text_layer_set_font
                0x00000000000006b0        0xc /Users/michael/pebble_dev/PebbleSDK-2.0-BETA4/Pebble/lib/libpebble.a(tmp9Q2g01pebble.o)
                0x00000000000006b0                text_layer_set_font
 .text.text_layer_set_text
                0x00000000000006bc        0xc /Users/michael/pebble_dev/PebbleSDK-2.0-BETA4/Pebble/lib/libpebble.a(tmp9Q2g01pebble.o)
                0x00000000000006bc                text_layer_set_text
 .text.text_layer_set_text_alignment
                0x00000000000006c8        0xc /Users/michael/pebble_dev/PebbleSDK-2.0-BETA4/Pebble/lib/libpebble.a(tmp9Q2g01pebble.o)
                0x00000000000006c8                text_layer_set_text_alignment
 .text.text_layer_set_text_color
                0x00000000000006d4        0xc /Users/michael/pebble_dev/PebbleSDK-2.0-BETA4/Pebble/lib/libpebble.a(tmp9Q2g01pebble.o)
                0x00000000000006d4                text_layer_set_text_color
 .text.tick_timer_service_subscribe
                0x00000000000006e0        0xc /Users/michael/pebble_dev/PebbleSDK-2.0-BETA4/Pebble/lib/libpebble.a(tmp9Q2g01pebble.o)
                0x00000000000006e0                tick_timer_service_subscribe
 .text.tick_timer_service_unsubscribe
                0x00000000000006ec        0xc /Users/michael/pebble_dev/PebbleSDK-2.0-BETA4/Pebble/lib/libpebble.a(tmp9Q2g01pebble.o)
                0x00000000000006ec                tick_timer_service_unsubscribe
 .text.time     0x00000000000006f8        0xc /Users/michael/pebble_dev/PebbleSDK-2.0-BETA4/Pebble/lib/libpebble.a(tmp9Q2g01pebble.o)
                0x00000000000006f8                time
 .text.window_create
                0x0000000000000704        0xc /Users/michael/pebble_dev/PebbleSDK-2.0-BETA4/Pebble/lib/libpebble.a(tmp9Q2g01pebble.o)
                0x0000000000000704                window_create
 .text.window_destroy
                0x0000000000000710        0xc /Users/michael/pebble_dev/PebbleSDK-2.0-BETA4/Pebble/lib/libpebble.a(tmp9Q2g01pebble.o)
                0x0000000000000710                window_destroy
 .text.window_get_root_layer
                0x000000000000071c        0xc /Users/michael/pebble_dev/PebbleSDK-2.0-BETA4/Pebble/lib/libpebble.a(tmp9Q2g01pebble.o)
                0x000000000000071c                window_get_root_layer
 .text.window_set_window_handlers
                0x0000000000000728        0xc /Users/michael/pebble_dev/PebbleSDK-2.0-BETA4/Pebble/lib/libpebble.a(tmp9Q2g01pebble.o)
                0x0000000000000728                window_set_window_handlers
 .text.window_stack_push
                0x0000000000000734        0xc /Users/michael/pebble_dev/PebbleSDK-2.0-BETA4/Pebble/lib/libpebble.a(tmp9Q2g01pebble.o)
                0x0000000000000734                window_stack_push
 *(.rodata)
 *(.rodata*)
 .rodata.str1.1
                0x0000000000000740       0x1b src/simple_analog.c.7.o

.glue_7         0x000000000000075c        0x0
 .glue_7        0x0000000000000000        0x0 linker stubs

.glue_7t        0x000000000000075c        0x0
 .glue_7t       0x0000000000000000        0x0 linker stubs

.vfp11_veneer   0x000000000000075c        0x0
 .vfp11_veneer  0x0000000000000000        0x0 linker stubs

.v4_bx          0x000000000000075c        0x0
 .v4_bx         0x0000000000000000        0x0 linker stubs

.iplt           0x000000000000075c        0x0
 .iplt          0x0000000000000000        0x0 /Users/michael/pebble_dev/PebbleSDK-2.0-BETA4/arm-cs-tools/bin/../lib/gcc/arm-none-eabi/4.7.2/thumb2/crtbegin.o

.rel.dyn        0x000000000000075c        0x0
 .rel.iplt      0x0000000000000000        0x0 /Users/michael/pebble_dev/PebbleSDK-2.0-BETA4/arm-cs-tools/bin/../lib/gcc/arm-none-eabi/4.7.2/thumb2/crtbegin.o
 .rel.got       0x0000000000000000        0x0 /Users/michael/pebble_dev/PebbleSDK-2.0-BETA4/arm-cs-tools/bin/../lib/gcc/arm-none-eabi/4.7.2/thumb2/crtbegin.o

.data           0x000000000000075c      0x1a0
 *(.data)
 .data          0x000000000000075c        0x0 /Users/michael/pebble_dev/PebbleSDK-2.0-BETA4/arm-cs-tools/bin/../lib/gcc/arm-none-eabi/4.7.2/thumb2/crti.o
 .data          0x000000000000075c        0x4 /Users/michael/pebble_dev/PebbleSDK-2.0-BETA4/arm-cs-tools/bin/../lib/gcc/arm-none-eabi/4.7.2/thumb2/crtbegin.o
                0x000000000000075c                __dso_handle
 .data          0x0000000000000760        0x0 src/simple_analog.c.7.o
 .data          0x0000000000000760        0x0 appinfo.auto.c.7.o
 .data          0x0000000000000760        0x0 /Users/michael/pebble_dev/PebbleSDK-2.0-BETA4/Pebble/lib/libpebble.a(tmp9Q2g01pebble.o)
 .data          0x0000000000000760        0x0 /Users/michael/pebble_dev/PebbleSDK-2.0-BETA4/arm-cs-tools/bin/../lib/gcc/arm-none-eabi/4.7.2/thumb2/crtend.o
 .data          0x0000000000000760        0x0 /Users/michael/pebble_dev/PebbleSDK-2.0-BETA4/arm-cs-tools/bin/../lib/gcc/arm-none-eabi/4.7.2/thumb2/crtn.o
 *(.data.*)
 .data.rel.ro.local.BATTERY_METER
                0x0000000000000760       0x28 src/simple_analog.c.7.o
 .data.__compound_literal.0
                0x0000000000000788       0x10 src/simple_analog.c.7.o
 .data.__compound_literal.1
                0x0000000000000798       0x10 src/simple_analog.c.7.o
 .data.__compound_literal.2
                0x00000000000007a8       0x10 src/simple_analog.c.7.o
 .data.__compound_literal.3
                0x00000000000007b8       0x10 src/simple_analog.c.7.o
 .data.__compound_literal.4
                0x00000000000007c8       0x10 src/simple_analog.c.7.o
 .data.__compound_literal.5
                0x00000000000007d8       0x10 src/simple_analog.c.7.o
 .data.__compound_literal.6
                0x00000000000007e8       0x10 src/simple_analog.c.7.o
 .data.__compound_literal.7
                0x00000000000007f8       0x10 src/simple_analog.c.7.o
 .data.__compound_literal.8
                0x0000000000000808       0x10 src/simple_analog.c.7.o
 .data.rel.ro.local.ANALOG_BG_POINTS
                0x0000000000000818       0x20 src/simple_analog.c.7.o
 .data.rel.ro.local.MINUTE_HAND_POINTS
                0x0000000000000838        0x8 src/simple_analog.c.7.o
 .data.rel.ro.local.HOUR_HAND_POINTS
                0x0000000000000840        0x8 src/simple_analog.c.7.o
 .data.__compound_literal.10
                0x0000000000000848       0x10 src/simple_analog.c.7.o
 .data.__compound_literal.9
                0x0000000000000858       0x10 src/simple_analog.c.7.o
 .data.charge   0x0000000000000868        0x4 src/simple_analog.c.7.o
                0x0000000000000868                charge
 .data.__compound_literal.14
                0x000000000000086c       0x10 src/simple_analog.c.7.o
 .data.__compound_literal.11
                0x000000000000087c       0x10 src/simple_analog.c.7.o
 .data.__compound_literal.12
                0x000000000000088c       0x10 src/simple_analog.c.7.o
 .data.__compound_literal.13
                0x000000000000089c       0x10 src/simple_analog.c.7.o
 .data.rel.ro.local.BINARY_SECONDS
                0x00000000000008ac       0x30 src/simple_analog.c.7.o
 .data.__compound_literal.15
                0x00000000000008dc       0x10 src/simple_analog.c.7.o
 .data.__compound_literal.16
                0x00000000000008ec       0x10 src/simple_analog.c.7.o

.igot.plt       0x00000000000008fc        0x0
 .igot.plt      0x0000000000000000        0x0 /Users/michael/pebble_dev/PebbleSDK-2.0-BETA4/arm-cs-tools/bin/../lib/gcc/arm-none-eabi/4.7.2/thumb2/crtbegin.o

.got            0x00000000000008fc       0x24
 .got           0x00000000000008fc       0x24 /Users/michael/pebble_dev/PebbleSDK-2.0-BETA4/arm-cs-tools/bin/../lib/gcc/arm-none-eabi/4.7.2/thumb2/crtbegin.o

.got.plt        0x0000000000000920        0xc
 .got.plt       0x0000000000000920        0xc /Users/michael/pebble_dev/PebbleSDK-2.0-BETA4/arm-cs-tools/bin/../lib/gcc/arm-none-eabi/4.7.2/thumb2/crtbegin.o
                0x0000000000000920                _GLOBAL_OFFSET_TABLE_

.bss            0x000000000000092c       0x70
 *(.bss)
 *(.bss.*)
 .bss.charging  0x000000000000092c        0x1 src/simple_analog.c.7.o
                0x000000000000092c                charging
 *fill*         0x000000000000092d        0x3 
 .bss.second_bits
                0x0000000000000930       0x18 src/simple_analog.c.7.o
 .bss.tick_paths
                0x0000000000000948       0x10 src/simple_analog.c.7.o
 .bss.hour_hand
                0x0000000000000958        0x4 src/simple_analog.c.7.o
 .bss.minute_hand
                0x000000000000095c        0x4 src/simple_analog.c.7.o
 .bss.battery_meter
                0x0000000000000960       0x14 src/simple_analog.c.7.o
 COMMON         0x0000000000000974       0x28 src/simple_analog.c.7.o
                0x0000000000000974                date_layer
                0x0000000000000978                simple_bg_layer
                0x000000000000097c                battery_layer
                0x0000000000000980                hands_layer
                0x0000000000000984                num_buffer
                0x0000000000000988                day_buffer
                0x0000000000000990                num_label
                0x0000000000000994                day_label
                0x0000000000000998                window

DISCARD
 libc.a(*)
 libm.a(*)
 libgcc.a(*)
 *(.eh_frame)
OUTPUT(/Users/michael/pebble_dev/PebbleSDK-2.0-BETA4/Examples/watchfaces/simple_analog/build/pebble-app.elf elf32-littlearm)

.ARM.attributes
                0x0000000000000000       0x27
 .ARM.attributes
                0x0000000000000000       0x19 /Users/michael/pebble_dev/PebbleSDK-2.0-BETA4/arm-cs-tools/bin/../lib/gcc/arm-none-eabi/4.7.2/thumb2/crti.o
 .ARM.attributes
                0x0000000000000019       0x29 /Users/michael/pebble_dev/PebbleSDK-2.0-BETA4/arm-cs-tools/bin/../lib/gcc/arm-none-eabi/4.7.2/thumb2/crtbegin.o
 .ARM.attributes
                0x0000000000000042       0x33 src/simple_analog.c.7.o
 .ARM.attributes
                0x0000000000000075       0x33 appinfo.auto.c.7.o
 .ARM.attributes
                0x00000000000000a8       0x21 /Users/michael/pebble_dev/PebbleSDK-2.0-BETA4/Pebble/lib/libpebble.a(tmp9Q2g01pebble.o)
 .ARM.attributes
                0x00000000000000c9       0x29 /Users/michael/pebble_dev/PebbleSDK-2.0-BETA4/arm-cs-tools/bin/../lib/gcc/arm-none-eabi/4.7.2/thumb2/crtend.o
 .ARM.attributes
                0x00000000000000f2       0x19 /Users/michael/pebble_dev/PebbleSDK-2.0-BETA4/arm-cs-tools/bin/../lib/gcc/arm-none-eabi/4.7.2/thumb2/crtn.o

.comment        0x0000000000000000       0x4e
 .comment       0x0000000000000000       0x4e /Users/michael/pebble_dev/PebbleSDK-2.0-BETA4/arm-cs-tools/bin/../lib/gcc/arm-none-eabi/4.7.2/thumb2/crtbegin.o
                                         0x4f (size before relaxing)
 .comment       0x0000000000000000       0x4f src/simple_analog.c.7.o
 .comment       0x0000000000000000       0x4f appinfo.auto.c.7.o
 .comment       0x0000000000000000       0x4f /Users/michael/pebble_dev/PebbleSDK-2.0-BETA4/arm-cs-tools/bin/../lib/gcc/arm-none-eabi/4.7.2/thumb2/crtend.o

.debug_info     0x0000000000000000     0x162e
 .debug_info    0x0000000000000000     0x12db src/simple_analog.c.7.o
 .debug_info    0x00000000000012db      0x353 appinfo.auto.c.7.o

.debug_abbrev   0x0000000000000000      0x3c1
 .debug_abbrev  0x0000000000000000      0x30d src/simple_analog.c.7.o
 .debug_abbrev  0x000000000000030d       0xb4 appinfo.auto.c.7.o

.debug_loc      0x0000000000000000      0x322
 .debug_loc     0x0000000000000000      0x322 src/simple_analog.c.7.o

.debug_aranges  0x0000000000000000       0x68
 .debug_aranges
                0x0000000000000000       0x50 src/simple_analog.c.7.o
 .debug_aranges
                0x0000000000000050       0x18 appinfo.auto.c.7.o

.debug_ranges   0x0000000000000000      0x160
 .debug_ranges  0x0000000000000000      0x160 src/simple_analog.c.7.o

.debug_line     0x0000000000000000      0x49a
 .debug_line    0x0000000000000000      0x372 src/simple_analog.c.7.o
 .debug_line    0x0000000000000372      0x128 appinfo.auto.c.7.o

.debug_str      0x0000000000000000      0xa29
 .debug_str     0x0000000000000000      0x82f src/simple_analog.c.7.o
                                        0x8f2 (size before relaxing)
 .debug_str     0x000000000000082f      0x1fa appinfo.auto.c.7.o
                                        0x332 (size before relaxing)

.debug_frame    0x0000000000000000       0xe0
 .debug_frame   0x0000000000000000       0xe0 src/simple_analog.c.7.o
